Microchip MPLAB XC8 Compiler V2.36

Linker command line:

-W-3 --edf=C:\Program Files\Microchip\xc8\v2.36\pic\dat\en_msgs.txt \
  -pivt0x8=08h -cn -h+dist/default/production\TD4-monitor.X.production.sym \
  --cmf=dist/default/production\TD4-monitor.X.production.cmf -z -Q18F47Q43 \
  -oC:\Users\hiroy\AppData\Local\Temp\xcAsad4.4 --defsym=__MPLAB_BUILD=1 \
  -Mdist/default/production/TD4-monitor.X.production.map \
  --md=C:\Users\hiroy\AppData\Local\Temp\xcAsad4.dat -E1 -ver=XC8 Compiler \
  --acfsm=1493 -ACODE=00h-01FFFFh -ACONST=00h-01FFFFh \
  -ASMALLCONST=02500h-025FFhx475 \
  -AMEDIUMCONST=02500h-0FFFFh,012500h-01FFFFh -ACOMRAM=0501h-055Fh \
  -AABS1=0500h-024FFh -ABIGRAM=0501h-024FFh \
  -ARAM=0560h-05FFh,0600h-06FFhx31 -ABANK5=0560h-05FFh -ABANK6=0600h-06FFh \
  -ABANK7=0700h-07FFh -ABANK8=0800h-08FFh -ABANK9=0900h-09FFh \
  -ABANK10=0A00h-0AFFh -ABANK11=0B00h-0BFFh -ABANK12=0C00h-0CFFh \
  -ABANK13=0D00h-0DFFh -ABANK14=0E00h-0EFFh -ABANK15=0F00h-0FFFh \
  -ABANK16=01000h-010FFh -ABANK17=01100h-011FFh -ABANK18=01200h-012FFh \
  -ABANK19=01300h-013FFh -ABANK20=01400h-014FFh -ABANK21=01500h-015FFh \
  -ABANK22=01600h-016FFh -ABANK23=01700h-017FFh -ABANK24=01800h-018FFh \
  -ABANK25=01900h-019FFh -ABANK26=01A00h-01AFFh -ABANK27=01B00h-01BFFh \
  -ABANK28=01C00h-01CFFh -ABANK29=01D00h-01DFFh -ABANK30=01E00h-01EFFh \
  -ABANK31=01F00h-01FFFh -ABANK32=02000h-020FFh -ABANK33=02100h-021FFh \
  -ABANK34=02200h-022FFh -ABANK35=02300h-023FFh -ABANK36=02400h-024FFh \
  -ASFR=00h-0FFhx4,0400h-045Fh,0460h-04FFh,02500h-025FFh \
  -ABIGSFR=00h-04FFh,02500h-025FFh -ACONFIG=0300000h-0300011h \
  -AIDLOC=0200000h-020003Fh -AEEDATA=0380000h-03803FFh -peeprom_data=EEDATA \
  -preset_vec=00h -ppowerup=CODE,init -pramtop=02500h \
  -psmallconst=SMALLCONST -pmediumconst=MEDIUMCONST -pconst=CONST \
  -AFARRAM=00h-00h \
  -prdata=COMRAM,nvrram=COMRAM,nvbit=COMRAM,rbss=COMRAM,rbit=COMRAM \
  -pfarbss=FARRAM,fardata=FARRAM,nvFARRAM=FARRAM \
  -pintsave_regs=BIGRAM,bigbss=BIGRAM,bigdata=BIGRAM -pbss=RAM \
  -pidata=CODE,irdata=CODE,ibigdata=CODE,ifardata=CODE -prparam=COMRAM \
  C:\Users\hiroy\AppData\Local\Temp\xcAsad4.o \
  dist/default/production\TD4-monitor.X.production.o 

Object code version is 3.11

Machine type is 18F47Q43



                Name                               Link     Load   Length Selector   Space Scale
C:\Users\hiroy\AppData\Local\Temp\xcAsad4.o
                idloc                            200000   200000       40        0       5
                config                           300000   300000        A        0       4
                init                                102      102        4        4       0
                reset_vec                             0        0        4        0       0
dist/default/production\TD4-monitor.X.production.o
                idloc                            200000   200000       40        0       5
                config                           300000   300000        A        0       4
                smallconst                         2500     2500       4E     1280       0
                ivt0x8                                8        8       FA        4       0
                text37                             4E72     4E72       26     11F5       0
                text36                             4594     4594       CA     1165       0
                text35                             4CF4     4CF4       3A     11F5       0
                text34                             47D4     47D4       9C     11F5       0
                text33                             4ED8     4ED8        2     11F5       0
                text32                             4182     4182      140     12A7       0
                text31                             4E4C     4E4C       26     11F5       0
                text30                             4CBA     4CBA       3A     11F5       0
                text29                             4E22     4E22       2A     11F5       0
                text28                             4D96     4D96       30     11F5       0
                text27                             4C42     4C42       3E     11F5       0
                text26                             42C2     42C2      132     12A7       0
                text25                             4990     4990       84     11F5       0
                text24                             4A14     4A14       70     11F5       0
                text23                             3ADC     3ADC      28A     12A7       0
                text22                             4906     4906       8A     11F5       0
                text21                             43F4     43F4       D2     12A7       0
                text20                             3480     3480      350     12A7       0
                text19                             4DF4     4DF4       2E     11F5       0
                text18                             37D0     37D0      30C     12A7       0
                text17                             4BFC     4BFC       46     11F5       0
                text16                             4718     4718       BA     1165       0
                text15                             44C6     44C6       CC     12A7       0
                text14                             3FD8     3FD8      1AA     12A7       0
                text13                             4ECA     4ECA        E     11F5       0
                text12                             4A84     4A84       6C     11F5       0
                text11                             4D2E     4D2E       38     11F5       0
                text10                             4DC6     4DC6       2E     11F5       0
                text9                              4870     4870       96     11F5       0
                text8                              4AF0     4AF0       5C     11F5       0
                text7                              4D66     4D66       30     11F5       0
                text6                              4C80     4C80       3A     11F5       0
                text5                              254E     254E      A20     12A7       0
                text4                              465E     465E       BA     1165       0
                text3                              2F6E     2F6E      512     12A7       0
                text2                              4BA6     4BA6       56     11F5       0
                text1                              4E98     4E98       22     11F5       0
                text0                              3D66     3D66      272     12A7       0
                cstackCOMRAM                        501      501       3A      501       1
                cstackBANK5                         560      560       78      560       1
                bssBANK6                            600      600       50      600       1
                dataBANK5                           5D8      5D8       10      560       1
                bssBANK5                            5E8      5E8        6      560       1
                bssCOMRAM                           53B      53B        F      501       1
                cinit                              4B4C     4B4C       5A     11F5       0
                idataBANK5                         4EBA     4EBA       10     11F5       0

TOTAL           Name                               Link     Load   Length     Space
        CLASS   CODE           
                init                                102      102        4         0
                reset_vec                             0        0        4         0
                ivt0x8                                8        8       FA         0
                text37                             4E72     4E72       26         0
                text36                             4594     4594       CA         0
                text35                             4CF4     4CF4       3A         0
                text34                             47D4     47D4       9C         0
                text33                             4ED8     4ED8        2         0
                text32                             4182     4182      140         0
                text31                             4E4C     4E4C       26         0
                text30                             4CBA     4CBA       3A         0
                text29                             4E22     4E22       2A         0
                text28                             4D96     4D96       30         0
                text27                             4C42     4C42       3E         0
                text26                             42C2     42C2      132         0
                text25                             4990     4990       84         0
                text24                             4A14     4A14       70         0
                text23                             3ADC     3ADC      28A         0
                text22                             4906     4906       8A         0
                text21                             43F4     43F4       D2         0
                text20                             3480     3480      350         0
                text19                             4DF4     4DF4       2E         0
                text18                             37D0     37D0      30C         0
                text17                             4BFC     4BFC       46         0
                text16                             4718     4718       BA         0
                text15                             44C6     44C6       CC         0
                text14                             3FD8     3FD8      1AA         0
                text13                             4ECA     4ECA        E         0
                text12                             4A84     4A84       6C         0
                text11                             4D2E     4D2E       38         0
                text10                             4DC6     4DC6       2E         0
                text9                              4870     4870       96         0
                text8                              4AF0     4AF0       5C         0
                text7                              4D66     4D66       30         0
                text6                              4C80     4C80       3A         0
                text5                              254E     254E      A20         0
                text4                              465E     465E       BA         0
                text3                              2F6E     2F6E      512         0
                text2                              4BA6     4BA6       56         0
                text1                              4E98     4E98       22         0
                text0                              3D66     3D66      272         0
                cinit                              4B4C     4B4C       5A         0
                idataBANK5                         4EBA     4EBA       10         0

        CLASS   CONST          

        CLASS   SMALLCONST     
                smallconst                         2500     2500       4E         0

        CLASS   MEDIUMCONST    

        CLASS   COMRAM         
                cstackCOMRAM                        501      501       3A         1
                bssCOMRAM                           53B      53B        F         1

        CLASS   ABS1           

        CLASS   BIGRAM         

        CLASS   RAM            

        CLASS   BANK5          
                cstackBANK5                         560      560       78         1
                dataBANK5                           5D8      5D8       10         1
                bssBANK5                            5E8      5E8        6         1

        CLASS   BANK6          
                bssBANK6                            600      600       50         1

        CLASS   BANK7          

        CLASS   BANK8          

        CLASS   BANK9          

        CLASS   BANK10         

        CLASS   BANK11         

        CLASS   BANK12         

        CLASS   BANK13         

        CLASS   BANK14         

        CLASS   BANK15         

        CLASS   BANK16         

        CLASS   BANK17         

        CLASS   BANK18         

        CLASS   BANK19         

        CLASS   BANK20         

        CLASS   BANK21         

        CLASS   BANK22         

        CLASS   BANK23         

        CLASS   BANK24         

        CLASS   BANK25         

        CLASS   BANK26         

        CLASS   BANK27         

        CLASS   BANK28         

        CLASS   BANK29         

        CLASS   BANK30         

        CLASS   BANK31         

        CLASS   BANK32         

        CLASS   BANK33         

        CLASS   BANK34         

        CLASS   BANK35         

        CLASS   BANK36         

        CLASS   SFR            

        CLASS   BIGSFR         

        CLASS   CONFIG         
                config                           300000   300000        A         4

        CLASS   IDLOC          
                idloc                            200000   200000       40         5

        CLASS   EEDATA         

        CLASS   FARRAM         

        CLASS   HEAP           

        CLASS   STACK          



SEGMENTS        Name                           Load    Length   Top    Selector   Space  Class

                reset_vec                      000000  000004  000004         0       0  CODE    
                ivt0x8                         000008  0000FE  000106         4       0  CODE    
                cstackCOMRAM                   000501  000049  00054A       501       1  COMRAM  
                cstackBANK5                    000560  00008E  0005EE       560       1  BANK5   
                bssBANK6                       000600  000050  000650       600       1  BANK6   
                smallconst                     002500  00004E  00254E      1280       0  SMALLCON
                text5                          00254E  002044  004592      12A7       0  CODE    
                text36                         004594  00023E  0047D2      1165       0  CODE    
                text34                         0047D4  000706  004EDA      11F5       0  CODE    


UNUSED ADDRESS RANGES

        Name                Unused          Largest block    Delta
        BANK10           000A00-000AFF              100
        BANK11           000B00-000BFF              100
        BANK12           000C00-000CFF              100
        BANK13           000D00-000DFF              100
        BANK14           000E00-000EFF              100
        BANK15           000F00-000FFF              100
        BANK16           001000-0010FF              100
        BANK17           001100-0011FF              100
        BANK18           001200-0012FF              100
        BANK19           001300-0013FF              100
        BANK20           001400-0014FF              100
        BANK21           001500-0015FF              100
        BANK22           001600-0016FF              100
        BANK23           001700-0017FF              100
        BANK24           001800-0018FF              100
        BANK25           001900-0019FF              100
        BANK26           001A00-001AFF              100
        BANK27           001B00-001BFF              100
        BANK28           001C00-001CFF              100
        BANK29           001D00-001DFF              100
        BANK30           001E00-001EFF              100
        BANK31           001F00-001FFF              100
        BANK32           002000-0020FF              100
        BANK33           002100-0021FF              100
        BANK34           002200-0022FF              100
        BANK35           002300-0023FF              100
        BANK36           002400-0024FF              100
        BANK5            0005EE-0005FF               12
        BANK6            000650-0006FF               B0
        BANK7            000700-0007FF              100
        BANK8            000800-0008FF              100
        BANK9            000900-0009FF              100
        BIGRAM           00054A-00055F               16
                         0005EE-0005FF               12
                         000650-0024FF             1EB0
        BIGSFR           000000-0004FF              500
                         002500-0025FF              100
        CODE             000004-000007                4
                         000106-0024FF             23FA
                         004592-004593                2
                         0047D2-0047D3                2
                         004EDA-01FFFF            1B126
        COMRAM           00054A-00055F               16
        CONFIG           30000A-300011                8
        CONST            000004-000007                4
                         000106-0024FF             23FA
                         004592-004593                2
                         0047D2-0047D3                2
                         004EDA-01FFFF            1B126
        EEDATA           380000-3803FF              400
        MEDIUMCONST      004592-004593                2
                         0047D2-0047D3                2
                         004EDA-00FFFF             B126
                         012500-01FFFF             DB00
        RAM              0005EE-0005FF               12
                         000650-0024FF              100
        SFR              000000-0004FF              100
                         002500-0025FF              100
        SMALLCONST       004592-004593                2
                         0047D2-0047D3                2
                         004EDA-01FFFF              100

                                  Symbol Table

?___awdiv                   cstackCOMRAM 000517
?___awmod                   cstackCOMRAM 000517
?___fladd                   cstackCOMRAM 000517
?___fldiv                   cstackCOMRAM 000525
?___flmul                   cstackCOMRAM 000517
?___flneg                   cstackCOMRAM 000517
?___flsub                   cstackCOMRAM 000530
?___fltol                   cstackCOMRAM 000517
?___fpclassifyf             cstackCOMRAM 000517
?___wmul                    cstackCOMRAM 000517
?___xxtofl                  cstackCOMRAM 000517
?_atoi                      cstackCOMRAM 00051E
?_efgtoa                    cstackBANK5  000577
?_floorf                    cstackCOMRAM 000531
?_isdigit                   cstackCOMRAM 000517
?_isspace                   cstackCOMRAM 000517
?_isupper                   cstackCOMRAM 000517
?_pad                       cstackCOMRAM 000528
?_printf                    cstackBANK5  0005CD
?_strlen                    cstackCOMRAM 000517
?_strncmp                   cstackCOMRAM 000517
?_tolower                   cstackCOMRAM 00051D
?_vfpfcnvrt                 cstackBANK5  0005B5
?_vfprintf                  cstackBANK5  0005C7
IVTBASEH                    (abs)        00045E
IVTBASEL                    (abs)        00045D
IVTBASEU                    (abs)        00045F
TMR0_ISR@a0                 cstackCOMRAM 00050D
TMR0_ISR@a1                 cstackCOMRAM 00050E
TMR0_ISR@a2                 cstackCOMRAM 00050B
TMR0_ISR@rom_a              cstackCOMRAM 00050C
TMR0_ISR@romdata1           cstackCOMRAM 000509
TMR0_ISR@romdata2           cstackCOMRAM 00050A
_ANSELA                     (abs)        000400
_ANSELA4                    (abs)        002004
_ANSELA5                    (abs)        002005
_ANSELA6                    (abs)        002006
_ANSELA7                    (abs)        002007
_ANSELB                     (abs)        000408
_ANSELC                     (abs)        000410
_ANSELD                     (abs)        000418
_ANSELE0                    (abs)        002100
_ANSELE1                    (abs)        002101
_ANSELE2                    (abs)        002102
_Default_ISR                text33       004ED8
_GIE                        (abs)        0026B7
_IOCCF5                     (abs)        0020BD
_IOCCP5                     (abs)        0020AD
_IOCIE                      (abs)        0024F7
_IOCIF                      (abs)        002577
_IOC_ISR                    text36       004594
_IVTBASE                    (abs)        00045D
_IVTLOCK                    (abs)        000459
_IVTLOCKbits                (abs)        000459
_LATA4                      (abs)        0025F4
_LATA5                      (abs)        0025F5
_LATA6                      (abs)        0025F6
_LATB                       (abs)        0004BF
_LATD                       (abs)        0004C1
_LATE0                      (abs)        002610
_LATE1                      (abs)        002611
_LATE2                      (abs)        002612
_NCO3CLK                    (abs)        000457
_NCO3EN                     (abs)        0022B7
_NCO3INC                    (abs)        000453
_NCO3OUT                    (abs)        0022B5
_NCO3PFM                    (abs)        0022B0
_OSCFRQ                     (abs)        0000B1
_PORTA                      (abs)        0004CE
_RA4PPS                     (abs)        000205
_RA5PPS                     (abs)        000206
_RA6PPS                     (abs)        000207
_RB4PPS                     (abs)        00020D
_RB5PPS                     (abs)        00020E
_RB6PPS                     (abs)        00020F
_RB7PPS                     (abs)        000210
_RE2PPS                     (abs)        000223
_SPI1BAUD                   (abs)        000089
_SPI1CLK                    (abs)        00008C
_SPI1CON0                   (abs)        000084
_SPI1CON0bits               (abs)        000084
_SPI1CON1                   (abs)        000085
_SPI1CON2                   (abs)        000086
_SPI1CON2bits               (abs)        000086
_SPI1TCNT                   (abs)        000082
_SPI1TWIDTH                 (abs)        000088
_SPI1TXB                    (abs)        000081
_SPI2BAUD                   (abs)        000096
_SPI2CLK                    (abs)        000099
_SPI2CON0                   (abs)        000091
_SPI2CON0bits               (abs)        000091
_SPI2CON1                   (abs)        000092
_SPI2CON2                   (abs)        000093
_SPI2CON2bits               (abs)        000093
_SPI2TCNT                   (abs)        00008F
_SPI2TWIDTH                 (abs)        000095
_SPI2TXB                    (abs)        00008E
_T0CON0                     (abs)        00031A
_T0CON1                     (abs)        00031B
_TD4_PC                     bssCOMRAM    000549
_TD4_ROM                    dataBANK5    0005D8
_TMR0H                      (abs)        000319
_TMR0IE                     (abs)        00250F
_TMR0IF                     (abs)        00258F
_TMR0_ISR                   text34       0047D4
_TRISA                      (abs)        0004C6
_TRISA4                     (abs)        002634
_TRISA5                     (abs)        002635
_TRISA6                     (abs)        002636
_TRISA7                     (abs)        002637
_TRISB                      (abs)        0004C7
_TRISC                      (abs)        0004C8
_TRISD                      (abs)        0004C9
_TRISE0                     (abs)        002650
_TRISE1                     (abs)        002651
_TRISE2                     (abs)        002652
_U3BRG                      (abs)        0002D4
_U3ON                       (abs)        001697
_U3RXB                      (abs)        0002C7
_U3RXEN                     (abs)        00168C
_U3RXIE                     (abs)        002538
_U3RXPPS                    (abs)        000276
_U3TXB                      (abs)        0002C9
_U3TXEN                     (abs)        00168D
_U3TXIF                     (abs)        0025B9
_WPUA                       (abs)        000401
_WPUA7                      (abs)        00200F
_WPUB                       (abs)        000409
_WPUC                       (abs)        000411
_WPUE2                      (abs)        00210A
__HRAM                      (abs)        000000
__Habs1                     abs1         000000
__Hbank10                   bank10       000000
__Hbank11                   bank11       000000
__Hbank12                   bank12       000000
__Hbank13                   bank13       000000
__Hbank14                   bank14       000000
__Hbank15                   bank15       000000
__Hbank16                   bank16       000000
__Hbank17                   bank17       000000
__Hbank18                   bank18       000000
__Hbank19                   bank19       000000
__Hbank20                   bank20       000000
__Hbank21                   bank21       000000
__Hbank22                   bank22       000000
__Hbank23                   bank23       000000
__Hbank24                   bank24       000000
__Hbank25                   bank25       000000
__Hbank26                   bank26       000000
__Hbank27                   bank27       000000
__Hbank28                   bank28       000000
__Hbank29                   bank29       000000
__Hbank30                   bank30       000000
__Hbank31                   bank31       000000
__Hbank32                   bank32       000000
__Hbank33                   bank33       000000
__Hbank34                   bank34       000000
__Hbank35                   bank35       000000
__Hbank36                   bank36       000000
__Hbank5                    bank5        000000
__Hbank6                    bank6        000000
__Hbank7                    bank7        000000
__Hbank8                    bank8        000000
__Hbank9                    bank9        000000
__Hbigbss                   bigbss       000000
__Hbigdata                  bigdata      000000
__Hbigram                   bigram       000000
__Hbigsfr                   bigsfr       000000
__Hbss                      bss          000000
__HbssBANK5                 bssBANK5     000000
__HbssBANK6                 bssBANK6     000000
__HbssCOMRAM                bssCOMRAM    000000
__Hcinit                    cinit        000000
__Hclrtext                  clrtext      000000
__Hcomram                   comram       000000
__Hconfig                   config       30000A
__Hconst                    const        000000
__HcstackBANK5              cstackBANK5  000000
__HcstackCOMRAM             cstackCOMRAM 000000
__Hdata                     data         000000
__HdataBANK5                dataBANK5    000000
__Heeprom_data              eeprom_data  000000
__Hfarbss                   farbss       000000
__Hfardata                  fardata      000000
__Hheap                     heap         000000
__Hibigdata                 ibigdata     000000
__Hidata                    idata        000000
__HidataBANK5               idataBANK5   000000
__Hidloc                    idloc        200040
__Hifardata                 ifardata     000000
__Hinit                     init         000106
__Hintsave_regs             intsave_regs 000000
__Hirdata                   irdata       000000
__Hivt0x8                   ivt0x8       000102
__Hmediumconst              mediumconst  000000
__HnvFARRAM                 nvFARRAM     000000
__Hnvbit                    nvbit        000000
__Hnvrram                   nvrram       000000
__Hparam                    rparam       000000
__Hpowerup                  powerup      000000
__Hram                      ram          000000
__Hramtop                   ramtop       002500
__Hrbit                     rbit         000000
__Hrbss                     rbss         000000
__Hrdata                    rdata        000000
__Hreset_vec                reset_vec    000004
__Hrparam                   rparam       000000
__Hsfr                      sfr          000000
__Hsmallconst               smallconst   00254E
__Hspace_0                  (abs)        004EDA
__Hspace_1                  (abs)        000650
__Hspace_2                  (abs)        000000
__Hspace_4                  (abs)        60000A
__Hstack                    stack        000000
__Hstruct                   struct       000000
__Htemp                     temp         000000
__Htext                     text         000000
__Htext0                    text0        000000
__Htext1                    text1        000000
__Htext10                   text10       000000
__Htext11                   text11       000000
__Htext12                   text12       000000
__Htext13                   text13       000000
__Htext14                   text14       000000
__Htext15                   text15       000000
__Htext16                   text16       000000
__Htext17                   text17       000000
__Htext18                   text18       000000
__Htext19                   text19       000000
__Htext2                    text2        000000
__Htext20                   text20       000000
__Htext21                   text21       000000
__Htext22                   text22       000000
__Htext23                   text23       000000
__Htext24                   text24       000000
__Htext25                   text25       000000
__Htext26                   text26       000000
__Htext27                   text27       000000
__Htext28                   text28       000000
__Htext29                   text29       000000
__Htext3                    text3        000000
__Htext30                   text30       000000
__Htext31                   text31       000000
__Htext32                   text32       000000
__Htext33                   text33       000000
__Htext34                   text34       000000
__Htext35                   text35       000000
__Htext36                   text36       000000
__Htext37                   text37       000000
__Htext4                    text4        000000
__Htext5                    text5        000000
__Htext6                    text6        000000
__Htext7                    text7        000000
__Htext8                    text8        000000
__Htext9                    text9        000000
__LRAM                      (abs)        000001
__Labs1                     abs1         000000
__Lbank10                   bank10       000000
__Lbank11                   bank11       000000
__Lbank12                   bank12       000000
__Lbank13                   bank13       000000
__Lbank14                   bank14       000000
__Lbank15                   bank15       000000
__Lbank16                   bank16       000000
__Lbank17                   bank17       000000
__Lbank18                   bank18       000000
__Lbank19                   bank19       000000
__Lbank20                   bank20       000000
__Lbank21                   bank21       000000
__Lbank22                   bank22       000000
__Lbank23                   bank23       000000
__Lbank24                   bank24       000000
__Lbank25                   bank25       000000
__Lbank26                   bank26       000000
__Lbank27                   bank27       000000
__Lbank28                   bank28       000000
__Lbank29                   bank29       000000
__Lbank30                   bank30       000000
__Lbank31                   bank31       000000
__Lbank32                   bank32       000000
__Lbank33                   bank33       000000
__Lbank34                   bank34       000000
__Lbank35                   bank35       000000
__Lbank36                   bank36       000000
__Lbank5                    bank5        000000
__Lbank6                    bank6        000000
__Lbank7                    bank7        000000
__Lbank8                    bank8        000000
__Lbank9                    bank9        000000
__Lbigbss                   bigbss       000000
__Lbigdata                  bigdata      000000
__Lbigram                   bigram       000000
__Lbigsfr                   bigsfr       000000
__Lbss                      bss          000000
__LbssBANK5                 bssBANK5     000000
__LbssBANK6                 bssBANK6     000000
__LbssCOMRAM                bssCOMRAM    000000
__Lcinit                    cinit        000000
__Lclrtext                  clrtext      000000
__Lcomram                   comram       000000
__Lconfig                   config       000000
__Lconst                    const        000000
__LcstackBANK5              cstackBANK5  000000
__LcstackCOMRAM             cstackCOMRAM 000000
__Ldata                     data         000000
__LdataBANK5                dataBANK5    000000
__Leeprom_data              eeprom_data  000000
__Lfarbss                   farbss       000000
__Lfardata                  fardata      000000
__Lheap                     heap         000000
__Libigdata                 ibigdata     000000
__Lidata                    idata        000000
__LidataBANK5               idataBANK5   000000
__Lidloc                    idloc        000000
__Lifardata                 ifardata     000000
__Linit                     init         000102
__Lintsave_regs             intsave_regs 000000
__Lirdata                   irdata       000000
__Livt0x8                   ivt0x8       000008
__Lmediumconst              mediumconst  000000
__LnvFARRAM                 nvFARRAM     000000
__Lnvbit                    nvbit        000000
__Lnvrram                   nvrram       000000
__Lparam                    rparam       000000
__Lpowerup                  powerup      000000
__Lram                      ram          000000
__Lramtop                   ramtop       002500
__Lrbit                     rbit         000000
__Lrbss                     rbss         000000
__Lrdata                    rdata        000000
__Lreset_vec                reset_vec    000000
__Lrparam                   rparam       000000
__Lsfr                      sfr          000000
__Lsmallconst               smallconst   002500
__Lspace_0                  (abs)        000000
__Lspace_1                  (abs)        000000
__Lspace_2                  (abs)        000000
__Lspace_4                  (abs)        000000
__Lstack                    stack        000000
__Lstruct                   struct       000000
__Ltemp                     temp         000000
__Ltext                     text         000000
__Ltext0                    text0        000000
__Ltext1                    text1        000000
__Ltext10                   text10       000000
__Ltext11                   text11       000000
__Ltext12                   text12       000000
__Ltext13                   text13       000000
__Ltext14                   text14       000000
__Ltext15                   text15       000000
__Ltext16                   text16       000000
__Ltext17                   text17       000000
__Ltext18                   text18       000000
__Ltext19                   text19       000000
__Ltext2                    text2        000000
__Ltext20                   text20       000000
__Ltext21                   text21       000000
__Ltext22                   text22       000000
__Ltext23                   text23       000000
__Ltext24                   text24       000000
__Ltext25                   text25       000000
__Ltext26                   text26       000000
__Ltext27                   text27       000000
__Ltext28                   text28       000000
__Ltext29                   text29       000000
__Ltext3                    text3        000000
__Ltext30                   text30       000000
__Ltext31                   text31       000000
__Ltext32                   text32       000000
__Ltext33                   text33       000000
__Ltext34                   text34       000000
__Ltext35                   text35       000000
__Ltext36                   text36       000000
__Ltext37                   text37       000000
__Ltext4                    text4        000000
__Ltext5                    text5        000000
__Ltext6                    text6        000000
__Ltext7                    text7        000000
__Ltext8                    text8        000000
__Ltext9                    text9        000000
__S0                        (abs)        004EDA
__S1                        (abs)        000650
__S4                        (abs)        000000
__S5                        (abs)        000000
___awdiv                    text25       004990
___awdiv@counter            cstackCOMRAM 00051B
___awdiv@dividend           cstackCOMRAM 000517
___awdiv@divisor            cstackCOMRAM 000519
___awdiv@quotient           cstackCOMRAM 00051D
___awdiv@sign               cstackCOMRAM 00051C
___awmod                    text24       004A14
___awmod@counter            cstackCOMRAM 00051B
___awmod@dividend           cstackCOMRAM 000517
___awmod@divisor            cstackCOMRAM 000519
___awmod@sign               cstackCOMRAM 00051C
___fladd                    text18       0037D0
___fladd@a                  cstackCOMRAM 00051B
___fladd@aexp               cstackCOMRAM 000524
___fladd@b                  cstackCOMRAM 000517
___fladd@bexp               cstackCOMRAM 000525
___fladd@grs                cstackCOMRAM 000526
___fladd@signs              cstackCOMRAM 000523
___fldiv                    text23       003ADC
___fldiv@a                  cstackCOMRAM 000529
___fldiv@aexp               cstackBANK5  00056C
___fldiv@b                  cstackCOMRAM 000525
___fldiv@bexp               cstackBANK5  00056B
___fldiv@grs                cstackBANK5  000567
___fldiv@new_exp            cstackBANK5  000565
___fldiv@rem                cstackBANK5  000560
___fldiv@sign               cstackBANK5  000564
___fleq                     text22       004906
___fleq@ff1                 cstackCOMRAM 000517
___fleq@ff2                 cstackCOMRAM 00051B
___flge                     text21       0043F4
___flge@ff1                 cstackCOMRAM 000530
___flge@ff2                 cstackCOMRAM 000534
___flmul                    text20       003480
___flmul@a                  cstackCOMRAM 00051B
___flmul@aexp               cstackCOMRAM 000524
___flmul@b                  cstackCOMRAM 000517
___flmul@bexp               cstackCOMRAM 000525
___flmul@grs                cstackCOMRAM 000526
___flmul@prod               cstackCOMRAM 00052A
___flmul@sign               cstackCOMRAM 000523
___flmul@temp               cstackCOMRAM 00052E
___flneg                    text19       004DF4
___flneg@f1                 cstackCOMRAM 000517
___flsub                    text17       004BFC
___flsub@a                  cstackCOMRAM 000534
___flsub@b                  cstackCOMRAM 000530
___fltol                    text16       004718
___fltol@exp1               cstackCOMRAM 000520
___fltol@f1                 cstackCOMRAM 000517
___fltol@sign1              cstackCOMRAM 00051F
___fpclassifyf              text15       0044C6
___fpclassifyf@F465         bssCOMRAM    00053F
___fpclassifyf@e            cstackCOMRAM 00051F
___fpclassifyf@u            cstackCOMRAM 000521
___fpclassifyf@x            cstackCOMRAM 000517
___heap_hi                  (abs)        000000
___heap_lo                  (abs)        000000
___inthi_sp                 stack        000000
___intlo_sp                 stack        000000
___param_bank               (abs)        000000
___rparam_used              (abs)        000001
___sp                       stack        000000
___wmul                     text29       004E22
___wmul@multiplicand        cstackCOMRAM 000519
___wmul@multiplier          cstackCOMRAM 000517
___wmul@product             cstackCOMRAM 00051B
___xxtofl                   text32       004182
___xxtofl@arg               cstackCOMRAM 000521
___xxtofl@exp               cstackCOMRAM 000520
___xxtofl@sign              cstackCOMRAM 00051F
___xxtofl@val               cstackCOMRAM 000517
__accesstop                 (abs)        000560
__activetblptr              (abs)        000003
__end_of_Default_ISR        text33       004EDA
__end_of_IOC_ISR            text36       00465E
__end_of_TMR0_ISR           text34       004870
__end_of___awdiv            text25       004A14
__end_of___awmod            text24       004A84
__end_of___fladd            text18       003ADC
__end_of___fldiv            text23       003D66
__end_of___fleq             text22       004990
__end_of___flge             text21       0044C6
__end_of___flmul            text20       0037D0
__end_of___flneg            text19       004E22
__end_of___flsub            text17       004C42
__end_of___fltol            text16       0047D2
__end_of___fpclassifyf      text15       004592
__end_of___wmul             text29       004E4C
__end_of___xxtofl           text32       0042C2
__end_of__initialization    cinit        004BA0
__end_of_atoi               text26       0043F4
__end_of_efgtoa             text5        002F6E
__end_of_floorf             text14       004182
__end_of_fputc              text12       004AF0
__end_of_fputs              text11       004D66
__end_of_isdigit            text28       004DC6
__end_of_isspace            text27       004C80
__end_of_isupper            text7        004D96
__end_of_led_7seg_write     text31       004E72
__end_of_led_font           smallconst   002511
__end_of_led_matrix_write   text30       004CF4
__end_of_main               text0        003FD8
__end_of_pad                text9        004906
__end_of_printf             text1        004EBA
__end_of_putch              text13       004ED8
__end_of_strcpy             text8        004B4C
__end_of_strlen             text10       004DF4
__end_of_strncmp            text4        004718
__end_of_tolower            text6        004CBA
__end_of_vfpfcnvrt          text3        003480
__end_of_vfprintf           text2        004BFC
__end_ofi2_led_7seg_write   text37       004E98
__end_ofi2_led_matrix_write text35       004D2E
__initialization            cinit        004B4C
__mediumconst               mediumconst  000000
__pbssBANK5                 bssBANK5     0005E8
__pbssBANK6                 bssBANK6     000600
__pbssCOMRAM                bssCOMRAM    00053B
__pcinit                    cinit        004B4C
__pcstackBANK5              cstackBANK5  000560
__pcstackCOMRAM             cstackCOMRAM 000501
__pdataBANK5                dataBANK5    0005D8
__pidataBANK5               idataBANK5   004EBA
__pivt0x8                   ivt0x8       000008
__psmallconst               smallconst   002500
__ptext0                    text0        003D66
__ptext1                    text1        004E98
__ptext10                   text10       004DC6
__ptext11                   text11       004D2E
__ptext12                   text12       004A84
__ptext13                   text13       004ECA
__ptext14                   text14       003FD8
__ptext15                   text15       0044C6
__ptext16                   text16       004718
__ptext17                   text17       004BFC
__ptext18                   text18       0037D0
__ptext19                   text19       004DF4
__ptext2                    text2        004BA6
__ptext20                   text20       003480
__ptext21                   text21       0043F4
__ptext22                   text22       004906
__ptext23                   text23       003ADC
__ptext24                   text24       004A14
__ptext25                   text25       004990
__ptext26                   text26       0042C2
__ptext27                   text27       004C42
__ptext28                   text28       004D96
__ptext29                   text29       004E22
__ptext3                    text3        002F6E
__ptext30                   text30       004CBA
__ptext31                   text31       004E4C
__ptext32                   text32       004182
__ptext33                   text33       004ED8
__ptext34                   text34       0047D4
__ptext35                   text35       004CF4
__ptext36                   text36       004594
__ptext37                   text37       004E72
__ptext4                    text4        00465E
__ptext5                    text5        00254E
__ptext6                    text6        004C80
__ptext7                    text7        004D66
__ptext8                    text8        004AF0
__ptext9                    text9        004870
__ramtop                    ramtop       002500
__smallconst                smallconst   002500
_atoi                       text26       0042C2
_dbuf                       bssBANK6     000600
_efgtoa                     text5        00254E
_efgtoa$876                 cstackBANK5  000583
_efgtoa$884                 cstackBANK5  000585
_efgtoa$885                 cstackBANK5  000587
_flags                      bssCOMRAM    000543
_floorf                     text14       003FD8
_fputc                      text12       004A84
_fputs                      text11       004D2E
_isdigit                    text28       004D96
_isspace                    text27       004C42
_isspace$963                cstackCOMRAM 00051D
_isupper                    text7        004D66
_led_7seg_write             text31       004E4C
_led_font                   smallconst   002501
_led_matrix_write           text30       004CBA
_main                       text0        003D66
_main$1243                  cstackBANK5  0005D4
_nout                       bssBANK5     0005E8
_pad                        text9        004870
_prec                       bssBANK5     0005EC
_printf                     text1        004E98
_putch                      text13       004ECA
_rom_pointer                bssCOMRAM    000548
_rom_pointer2               bssCOMRAM    000547
_scan_pointer               bssCOMRAM    000546
_scan_pointer2              bssCOMRAM    000545
_strcpy                     text8        004AF0
_strlen                     text10       004DC6
_strncmp                    text4        00465E
_tolower                    text6        004C80
_vfpfcnvrt                  text3        002F6E
_vfprintf                   text2        004BA6
_width                      bssBANK5     0005EA
atoi@n                      cstackCOMRAM 000526
atoi@neg                    cstackCOMRAM 000524
atoi@s                      cstackCOMRAM 00051E
efgtoa@c                    cstackBANK5  00057D
efgtoa@d                    cstackBANK5  000595
efgtoa@e                    cstackBANK5  0005AD
efgtoa@f                    cstackBANK5  000579
efgtoa@fp                   cstackBANK5  000577
efgtoa@g                    cstackBANK5  0005A9
efgtoa@h                    cstackBANK5  00059F
efgtoa@i                    cstackBANK5  0005A7
efgtoa@l                    cstackBANK5  0005A3
efgtoa@m                    cstackBANK5  00058F
efgtoa@mode                 cstackBANK5  00059E
efgtoa@n                    cstackBANK5  0005AF
efgtoa@ne                   cstackBANK5  00058D
efgtoa@nmode                cstackBANK5  00059D
efgtoa@ou                   cstackBANK5  000591
efgtoa@p                    cstackBANK5  000599
efgtoa@pp                   cstackBANK5  00058B
efgtoa@sign                 cstackBANK5  000597
efgtoa@t                    cstackBANK5  000589
efgtoa@u                    cstackBANK5  0005B1
efgtoa@w                    cstackBANK5  00059B
end_of_initialization       cinit        004BA0
floorf@F526                 bssCOMRAM    00053B
floorf@e                    cstackBANK5  000571
floorf@m                    cstackBANK5  00056D
floorf@u                    cstackBANK5  000573
floorf@x                    cstackCOMRAM 000531
fputc@c                     cstackCOMRAM 000518
fputc@fp                    cstackCOMRAM 00051A
fputs@c                     cstackCOMRAM 000525
fputs@fp                    cstackCOMRAM 000523
fputs@i                     cstackCOMRAM 000526
fputs@s                     cstackCOMRAM 000521
i2_led_7seg_write           text37       004E72
i2_led_matrix_write         text35       004CF4
i2led_7seg_write@c          cstackCOMRAM 00050F
i2led_7seg_write@r          cstackCOMRAM 000510
i2led_matrix_write@c1       cstackCOMRAM 000501
i2led_matrix_write@c2       cstackCOMRAM 000503
i2led_matrix_write@r1       cstackCOMRAM 000504
i2led_matrix_write@r2       cstackCOMRAM 000502
intlevel0                   text         000000
intlevel1                   text         000000
intlevel2                   text         000000
intlevel3                   text         000000
isa$std                     (abs)        000001
isa$xinst                   (abs)        000000
isdigit@c                   cstackCOMRAM 000517
isspace@c                   cstackCOMRAM 000517
isupper@c                   cstackCOMRAM 000517
ivt0x8_base                 ivt0x8       000008
ivt0x8_undefint             ivt0x8       000100
led_7seg_write@c            cstackCOMRAM 000517
led_7seg_write@r            cstackCOMRAM 000518
led_matrix_write@c1         cstackCOMRAM 000517
led_matrix_write@c2         cstackCOMRAM 000519
led_matrix_write@r1         cstackCOMRAM 00051A
led_matrix_write@r2         cstackCOMRAM 000518
pad@buf                     cstackCOMRAM 00052A
pad@fp                      cstackCOMRAM 000528
pad@i                       cstackCOMRAM 00052F
pad@p                       cstackCOMRAM 00052C
pad@w                       cstackCOMRAM 000531
printf@ap                   cstackBANK5  0005D2
printf@fmt                  cstackBANK5  0005CD
putch@c                     cstackCOMRAM 000517
stackhi                     (abs)        000000
stacklo                     (abs)        000000
start                       init         000102
start_initialization        cinit        004B4C
strcpy@d                    cstackCOMRAM 00051F
strcpy@dest                 cstackCOMRAM 000517
strcpy@s                    cstackCOMRAM 00051D
strcpy@src                  cstackCOMRAM 000519
strlen@a                    cstackCOMRAM 000519
strlen@s                    cstackCOMRAM 000517
strncmp@_l                  cstackCOMRAM 000517
strncmp@_r                  cstackCOMRAM 000519
strncmp@l                   cstackCOMRAM 00051D
strncmp@n                   cstackCOMRAM 00051A
strncmp@r                   cstackCOMRAM 00051F
tolower@c                   cstackCOMRAM 00051D
vfpfcnvrt@ap                cstackBANK5  0005B9
vfpfcnvrt@c                 cstackBANK5  0005C6
vfpfcnvrt@ct                cstackBANK5  0005C3
vfpfcnvrt@f                 cstackBANK5  0005BF
vfpfcnvrt@fmt               cstackBANK5  0005B7
vfpfcnvrt@fp                cstackBANK5  0005B5
vfprintf@ap                 cstackBANK5  0005CA
vfprintf@cfmt               cstackBANK5  0005CC
vfprintf@fmt                cstackBANK5  0005C9
vfprintf@fp                 cstackBANK5  0005C7


MODULE INFORMATION

Module		Function		Class		Link	Load	Size
C:\Program Files\Microchip\xc8\v2.36\pic\sources\c99\common\nf_fputs.c
		_fputs         		CODE           	4D2E	0000	56

C:\Program Files\Microchip\xc8\v2.36\pic\sources\c99\common\nf_fputs.c estimated size: 56

C:\Program Files\Microchip\xc8\v2.36\pic\sources\c99\common\printf.c
		_printf        		CODE           	4E98	0000	34

C:\Program Files\Microchip\xc8\v2.36\pic\sources\c99\common\printf.c estimated size: 34

C:\Program Files\Microchip\xc8\v2.36\pic\sources\c99\common\strncmp.c
		_strncmp       		CODE           	465E	0000	186

C:\Program Files\Microchip\xc8\v2.36\pic\sources\c99\common\strncmp.c estimated size: 186

C:\Program Files\Microchip\xc8\v2.36\pic\sources\c99\common\tolower.c
		_tolower       		CODE           	4C80	0000	58

C:\Program Files\Microchip\xc8\v2.36\pic\sources\c99\common\tolower.c estimated size: 58

C:\Program Files\Microchip\xc8\v2.36\pic\sources\c99\common\__fpclassifyf.c
		___fpclassifyf 		CODE           	44C6	0000	204

C:\Program Files\Microchip\xc8\v2.36\pic\sources\c99\common\__fpclassifyf.c estimated size: 204

C:\Program Files\Microchip\xc8\v2.36\pic\sources\c99\common\sprcmul.c
		___flmul       		CODE           	3480	0000	848

C:\Program Files\Microchip\xc8\v2.36\pic\sources\c99\common\sprcmul.c estimated size: 848

TD4-monitor.c
		_IOC_ISR       		CODE           	4594	0000	202
		_putch         		CODE           	4ECA	0000	14
		_main          		CODE           	3D66	0000	626
		_led_7seg_write		CODE           	4E4C	0000	38
		_Default_ISR   		CODE           	4ED8	0000	2
		_TMR0_ISR      		CODE           	47D4	0000	156
		_led_matrix_write		CODE           	4CBA	0000	58

TD4-monitor.c estimated size: 1096

C:\Program Files\Microchip\xc8\v2.36\pic\sources\c99\common\floorf.c
		_floorf        		CODE           	3FD8	0000	426

C:\Program Files\Microchip\xc8\v2.36\pic\sources\c99\common\floorf.c estimated size: 426

C:\Program Files\Microchip\xc8\v2.36\pic\sources\c99\common\sprcdiv.c
		___fldiv       		CODE           	3ADC	0000	650

C:\Program Files\Microchip\xc8\v2.36\pic\sources\c99\common\sprcdiv.c estimated size: 650

C:\Program Files\Microchip\xc8\v2.36\pic\sources\c99\common\atoi.c
		_atoi          		CODE           	42C2	0000	306

C:\Program Files\Microchip\xc8\v2.36\pic\sources\c99\common\atoi.c estimated size: 306

C:\Program Files\Microchip\xc8\v2.36\pic\sources\c99\common\fleq.c
		___fleq        		CODE           	4906	0000	138

C:\Program Files\Microchip\xc8\v2.36\pic\sources\c99\common\fleq.c estimated size: 138

C:\Program Files\Microchip\xc8\v2.36\pic\sources\c99\common\awmod.c
		___awmod       		CODE           	4A14	0000	112

C:\Program Files\Microchip\xc8\v2.36\pic\sources\c99\common\awmod.c estimated size: 112

C:\Program Files\Microchip\xc8\v2.36\pic\sources\c99\common\isspace.c
		_isspace       		CODE           	4C42	0000	62

C:\Program Files\Microchip\xc8\v2.36\pic\sources\c99\common\isspace.c estimated size: 62

C:\Program Files\Microchip\xc8\v2.36\pic\sources\c99\common\xxtofl.c
		___xxtofl      		CODE           	4182	0000	320

C:\Program Files\Microchip\xc8\v2.36\pic\sources\c99\common\xxtofl.c estimated size: 320

C:\Program Files\Microchip\xc8\v2.36\pic\sources\c99\common\strlen.c
		_strlen        		CODE           	4DC6	0000	46

C:\Program Files\Microchip\xc8\v2.36\pic\sources\c99\common\strlen.c estimated size: 46

C:\Program Files\Microchip\xc8\v2.36\pic\sources\c99\common\strcpy.c
		_strcpy        		CODE           	4AF0	0000	92

C:\Program Files\Microchip\xc8\v2.36\pic\sources\c99\common\strcpy.c estimated size: 92

C:\Program Files\Microchip\xc8\v2.36\pic\sources\c99\common\nf_fputc.c
		_fputc         		CODE           	4A84	0000	108

C:\Program Files\Microchip\xc8\v2.36\pic\sources\c99\common\nf_fputc.c estimated size: 108

C:\Program Files\Microchip\xc8\v2.36\pic\sources\c99\common\isdigit.c
		_isdigit       		CODE           	4D96	0000	48

C:\Program Files\Microchip\xc8\v2.36\pic\sources\c99\common\isdigit.c estimated size: 48

C:\Program Files\Microchip\xc8\v2.36\pic\sources\c99\common\sprcadd.c
		___flsub       		CODE           	4BFC	0000	70
		___fladd       		CODE           	37D0	0000	780

C:\Program Files\Microchip\xc8\v2.36\pic\sources\c99\common\sprcadd.c estimated size: 850

C:\Program Files\Microchip\xc8\v2.36\pic\sources\c99\common\awdiv.c
		___awdiv       		CODE           	4990	0000	132

C:\Program Files\Microchip\xc8\v2.36\pic\sources\c99\common\awdiv.c estimated size: 132

C:\Program Files\Microchip\xc8\v2.36\pic\sources\c99\common\doprnt.c
		_vfpfcnvrt     		CODE           	2F6E	0000	1298
		_efgtoa        		CODE           	254E	0000	2592
		_pad           		CODE           	4870	0000	150
		_vfprintf      		CODE           	4BA6	0000	86

C:\Program Files\Microchip\xc8\v2.36\pic\sources\c99\common\doprnt.c estimated size: 4126

C:\Program Files\Microchip\xc8\v2.36\pic\sources\c99\common\fltol.c
		___fltol       		CODE           	4718	0000	186

C:\Program Files\Microchip\xc8\v2.36\pic\sources\c99\common\fltol.c estimated size: 186

shared
		_led_font      		SMALLCONST     	2501	0000	16
		i2_led_matrix_write		CODE           	4CF4	0000	58
		__initialization		CODE           	4B4C	0000	84
		i2_led_7seg_write		CODE           	4E72	0000	38

shared estimated size: 196

C:\Program Files\Microchip\xc8\v2.36\pic\sources\c99\common\flge.c
		___flge        		CODE           	43F4	0000	210

C:\Program Files\Microchip\xc8\v2.36\pic\sources\c99\common\flge.c estimated size: 210

C:\Program Files\Microchip\xc8\v2.36\pic\sources\c99\common\Umul16.c
		___wmul        		CODE           	4E22	0000	42

C:\Program Files\Microchip\xc8\v2.36\pic\sources\c99\common\Umul16.c estimated size: 42

C:\Program Files\Microchip\xc8\v2.36\pic\sources\c99\common\flneg.c
		___flneg       		CODE           	4DF4	0000	46

C:\Program Files\Microchip\xc8\v2.36\pic\sources\c99\common\flneg.c estimated size: 46

C:\Program Files\Microchip\xc8\v2.36\pic\sources\c99\common\isupper.c
		_isupper       		CODE           	4D66	0000	48

C:\Program Files\Microchip\xc8\v2.36\pic\sources\c99\common\isupper.c estimated size: 48

